Watching for file changes with StatReloader
Performing system checks...

System check identified no issues (0 silenced).

You have 18 unapplied migration(s). Your project may not work properly until you apply the migrations for app(s): admin, auth, contenttypes, sessions.
Run 'python manage.py migrate' to apply them.
July 25, 2024 - 21:46:40
Django version 4.2.3, using settings 'chatbot.settings'
Starting development server at http://0.0.0.0:7880/
Quit the server with CONTROL-C.

Watching for file changes with StatReloader
[25/Jul/2024 21:47:29] "GET / HTTP/1.1" 200 1325
[25/Jul/2024 21:47:30] "GET /static/styles/main.css HTTP/1.1" 200 2204
[25/Jul/2024 21:47:30] "GET /static/scripts/main.js HTTP/1.1" 200 5084
Not Found: /favicon.ico
[25/Jul/2024 21:47:30] "GET /favicon.ico HTTP/1.1" 404 2820
[25/Jul/2024 21:47:51] "POST /getResponse/ HTTP/1.1" 200 370
[25/Jul/2024 21:47:57] "POST /getResponse/ HTTP/1.1" 200 176
[25/Jul/2024 21:48:04] "GET / HTTP/1.1" 200 1325
[25/Jul/2024 21:48:14] "POST /getResponse/ HTTP/1.1" 200 289
[25/Jul/2024 21:49:00,613] - Broken pipe from ('10.224.5.82', 53546)
[25/Jul/2024 22:08:51] "POST /getResponse/ HTTP/1.1" 200 339
[26/Jul/2024 17:07:59] "GET / HTTP/1.1" 200 1325
[26/Jul/2024 17:07:59] "GET /static/styles/main.css HTTP/1.1" 200 2204
[26/Jul/2024 17:08:29] "GET / HTTP/1.1" 200 1325
[26/Jul/2024 17:08:29] "GET /static/styles/main.css HTTP/1.1" 200 2204
[26/Jul/2024 17:08:29] "GET /static/scripts/main.js HTTP/1.1" 200 5084
Not Found: /favicon.ico
[26/Jul/2024 17:08:29] "GET /favicon.ico HTTP/1.1" 404 2820
[26/Jul/2024 17:08:32] "POST /getResponse/ HTTP/1.1" 200 370
[26/Jul/2024 17:15:21] "POST /getResponse/ HTTP/1.1" 200 252
[26/Jul/2024 17:15:59] "POST /getResponse/ HTTP/1.1" 200 269
[26/Jul/2024 17:16:20] "POST /getResponse/ HTTP/1.1" 200 236
[26/Jul/2024 17:16:45] "POST /getResponse/ HTTP/1.1" 200 214
[26/Jul/2024 17:17:54] "POST /getResponse/ HTTP/1.1" 200 92
[26/Jul/2024 17:30:32] "GET / HTTP/1.1" 200 1325
[26/Jul/2024 17:30:32] "GET /static/styles/main.css HTTP/1.1" 200 2204
[26/Jul/2024 17:30:32] "GET /static/scripts/main.js HTTP/1.1" 200 5084
Not Found: /favicon.ico
[26/Jul/2024 17:30:32] "GET /favicon.ico HTTP/1.1" 404 2820
[26/Jul/2024 17:31:17] "POST /getResponse/ HTTP/1.1" 200 188
[26/Jul/2024 17:31:42] "POST /getResponse/ HTTP/1.1" 200 370
[26/Jul/2024 17:32:06] "POST /getResponse/ HTTP/1.1" 200 192
[26/Jul/2024 17:32:46] "POST /getResponse/ HTTP/1.1" 200 270
[26/Jul/2024 17:33:08] "POST /getResponse/ HTTP/1.1" 200 256
[26/Jul/2024 17:33:27] "POST /getResponse/ HTTP/1.1" 200 181
[26/Jul/2024 17:33:44] "POST /getResponse/ HTTP/1.1" 200 254
[26/Jul/2024 17:40:51] code 400, message Bad request version ('\x00\x02\x01\x00\x00')
[26/Jul/2024 17:40:51] You're accessing the development server over HTTPS, but it only supports HTTP.
[26/Jul/2024 17:40:51] code 400, message Bad request version ('\x00\x02\x01\x00\x00\x12\x00\x00\x00')
[26/Jul/2024 17:40:51] You're accessing the development server over HTTPS, but it only supports HTTP.
[26/Jul/2024 17:40:51] "GET / HTTP/1.1" 200 1325
[26/Jul/2024 17:40:51] "GET /static/styles/main.css HTTP/1.1" 200 2204
[26/Jul/2024 17:40:51] "GET /static/scripts/main.js HTTP/1.1" 200 5084
Not Found: /favicon.ico
[26/Jul/2024 17:40:52] "GET /favicon.ico HTTP/1.1" 404 2820
[26/Jul/2024 17:41:13] "POST /getResponse/ HTTP/1.1" 200 370
[26/Jul/2024 17:42:02] "POST /getResponse/ HTTP/1.1" 200 173
[26/Jul/2024 17:44:49] code 400, message Bad request version ('ÕÈÐ9\x83Ûè\x04¯JG')
[26/Jul/2024 17:44:49] You're accessing the development server over HTTPS, but it only supports HTTP.
[26/Jul/2024 17:44:49] code 400, message Bad request version ('ÇQ\x80')
[26/Jul/2024 17:44:49] You're accessing the development server over HTTPS, but it only supports HTTP.
[26/Jul/2024 17:44:49] "GET / HTTP/1.1" 200 1325
[26/Jul/2024 17:44:49] "GET /static/styles/main.css HTTP/1.1" 200 2204
[26/Jul/2024 17:44:49] "GET /static/scripts/main.js HTTP/1.1" 200 5084
Not Found: /favicon.ico
[26/Jul/2024 17:44:50] "GET /favicon.ico HTTP/1.1" 404 2820
[26/Jul/2024 17:45:20] "POST /getResponse/ HTTP/1.1" 200 192
[29/Jul/2024 12:13:52] "GET / HTTP/1.1" 200 1325
[29/Jul/2024 12:13:52] "GET /static/styles/main.css HTTP/1.1" 304 0
[29/Jul/2024 12:13:52] "GET /static/scripts/main.js HTTP/1.1" 304 0
